// Jest Snapshot v1, https://goo.gl/fbAQLP

exports[`ProductCard view renders correctly 1`] = `
<a
  className="root productCard"
  href="https://foo.bar"
>
  <div
    className="imageWrap"
  >
    <BundleAction
      item={
        Immutable.Map {
          "product_url": "https://foo.bar",
          "image_url": "https://lorempicsum.net/100/100",
          "description": "A description for item",
          "thumbnail_url": "https://lorempicsum.net/50/50",
          "title": "Product Title",
          "price": "9.99",
          "reviews": Immutable.Map {
            "average_rating": 0,
          },
        }
      }
    />
    <Image
      alt="Product Title"
      aspectRatio={1}
      className="image"
      src="https://lorempicsum.net/100/100"
      thumbnail="https://lorempicsum.net/50/50"
    />
    <div>
      <Component
        className="discountSticker"
        config={
          Immutable.Map {
            "productcard": Immutable.Map {
              "title": Immutable.Map {
                "display": true,
                "lines": 1,
              },
              "description": Immutable.Map {
                "display": true,
                "lines": 2,
              },
              "price": Immutable.Map {
                "display": true,
              },
            },
            "currency_config": Immutable.Map {
              "code": "USD",
              "symbol": "$",
              "thousand": ",",
              "decimalSeparator": ".",
              "symbolOnLeft": true,
              "spaceBetweenAmountAndSymbol": false,
              "decimalDigits": 2,
            },
          }
        }
      />
    </div>
  </div>
  <div
    className="rating"
  >
    <Rating />
  </div>
  <div
    className="variants"
  >
    Available in  variants
  </div>
  <div
    className="content"
  >
    <Title
      text="Product Title"
      theme={null}
    />
    <Description
      text="A description for item"
      theme={null}
    />
    <Price
      className="priceWrapper"
      currency={
        Object {
          "code": "USD",
          "decimalDigits": 2,
          "decimalSeparator": ".",
          "spaceBetweenAmountAndSymbol": false,
          "symbol": "$",
          "symbolOnLeft": true,
          "thousand": ",",
        }
      }
      price="9.99"
    />
    <Component
      config={
        Immutable.Map {
          "productcard": Immutable.Map {
            "title": Immutable.Map {
              "display": true,
              "lines": 1,
            },
            "description": Immutable.Map {
              "display": true,
              "lines": 2,
            },
            "price": Immutable.Map {
              "display": true,
            },
          },
          "currency_config": Immutable.Map {
            "code": "USD",
            "symbol": "$",
            "thousand": ",",
            "decimalSeparator": ".",
            "symbolOnLeft": true,
            "spaceBetweenAmountAndSymbol": false,
            "decimalDigits": 2,
          },
        }
      }
    />
  </div>
</a>
`;
